                                              Nmap- OS, Service & Version detection  commands execution with output
                                              _____________________________________________________________________
                                              -----------------------------------------------------------------------





sivakumar@sivakumar-desktop:~$ nmap -F x.x.x.x
Starting Nmap 7.80 ( https://nmap.org ) at 2022-06-20 12:14 IST
Nmap scan report for sivakumar-desktop (x.x.x.x)
Host is up (0.00018s latency).
Not shown: 99 closed ports
PORT   STATE SERVICE
80/tcp open  http

Nmap done: 1 IP address (1 host up) scanned in 0.04 seconds
sivakumar@sivakumar-desktop:~$ /usr/share/nmap/nmap.services
bash: /usr/share/nmap/nmap.services: No such file or directory
sivakumar@sivakumar-desktop:~$ /usr/share/nmap/nmap-services
bash: /usr/share/nmap/nmap-services: Permission denied
sivakumar@sivakumar-desktop:~$ grep -E "^http" /usr/share/nmap/nmap-services
http    80/sctp    0.000000    # www-http | www | World Wide Web HTTP
http    80/tcp    0.484143    # World Wide Web HTTP
http    80/udp    0.035767    # World Wide Web HTTP
http-mgmt    280/tcp    0.001844
http-mgmt    280/udp    0.000379
https    443/sctp    0.000000    # http protocol over TLS/SSL
https    443/tcp    0.208669    # secure http (SSL)
https    443/udp    0.010840
http-alt    591/tcp    0.000075    # FileMaker, Inc. - HTTP Alternate | FileMaker, Inc. - HTTP Alternate (see Port 80)
http-alt    591/udp    0.000527    # FileMaker, Inc. - HTTP Alternate
http-rpc-epmap    593/tcp    0.001242    # HTTP RPC Ep Map
http-rpc-epmap    593/udp    0.022933    # HTTP RPC Ep Map
httpx    4180/tcp    0.000000
httpx    4180/udp    0.000000    # HTTPX
http-alt    8000/tcp    0.009710    # irdmi | A common alternative http port | iRDMI
http    8008/tcp    0.006843    # http-alt | IBM HTTP server | HTTP Alternate
http-alt    8008/udp    0.000330    # HTTP Alternate
http-proxy    8080/tcp    0.042052    # http-alt | Common HTTP proxy/second web server port | HTTP Alternate (see port 80)
http-alt    8080/udp    0.000000    # HTTP Alternate (see port 80)
https-alt    8443/tcp    0.009986    # pcsync-https | Common alternative https port | PCsync HTTPS
http-wmap    8990/tcp    0.000000    # webmail HTTP service
http-wmap    8990/udp    0.000000    # webmail HTTP service
https-wmap    8991/tcp    0.000000    # webmail HTTPS service
https-wmap    8991/udp    0.000000    # webmail HTTPS service
sivakumar@sivakumar-desktop:~$


sivakumar@sivakumar-desktop:~$ nmap -p 80 x.x.x.x
Starting Nmap 7.80 ( https://nmap.org ) at 2022-06-20 12:21 IST
Nmap scan report for sivakumar-desktop (x.x.x.x)
Host is up (0.00017s latency).

PORT   STATE SERVICE
80/tcp open  http



sivakumar@sivakumar-desktop:~$ nmap -p 70- 80 x.x.x.x
Starting Nmap 7.80 ( https://nmap.org ) at 2022-06-20 12:23 IST
Nmap scan report for sivakumar-desktop (x.x.x.x)
Host is up (0.00019s latency).
Not shown: 65465 closed ports
PORT   STATE SERVICE
80/tcp open  http


sivakumar@sivakumar-desktop:~$ nmap -p- x.x.x.x
Starting Nmap 7.80 ( https://nmap.org ) at 2022-06-20 12:25 IST
Nmap scan report for sivakumar-desktop (x.x.x.x)
Host is up (0.00014s latency).
Not shown: 65534 closed ports
PORT   STATE SERVICE
80/tcp open  http

Nmap done: 1 IP address (1 host up) scanned in 1.88 seconds



sivakumar@sivakumar-desktop:~$ nmap -p T:80,U:53 x.x.x.x
Starting Nmap 7.80 ( https://nmap.org ) at 2022-06-20 12:29 IST
Nmap scan report for sivakumar-desktop (x.x.x.x)
Host is up (0.00014s latency).

PORT   STATE SERVICE
80/tcp open  http

Nmap done: 1 IP address (1 host up) scanned in 0.04 seconds



sivakumar@sivakumar-desktop:~$ nmap -p http x.x.x.x
Starting Nmap 7.80 ( https://nmap.org ) at 2022-06-20 12:32 IST
Nmap scan report for sivakumar-desktop (x.x.x.x)
Host is up (0.00018s latency).

PORT     STATE  SERVICE
80/tcp   open   http
8008/tcp closed http




sivakumar@sivakumar-desktop:~$ nmap -p http* x.x.x.x
Starting Nmap 7.80 ( https://nmap.org ) at 2022-06-20 12:33 IST
Nmap scan report for sivakumar-desktop (x.x.x.x)
Host is up (0.000099s latency).

PORT     STATE  SERVICE
80/tcp   open   http
280/tcp  closed http-mgmt
443/tcp  closed https
591/tcp  closed http-alt
593/tcp  closed http-rpc-epmap
4180/tcp closed httpx
8000/tcp closed http-alt
8008/tcp closed http
8080/tcp closed http-proxy
8443/tcp closed https-alt
8990/tcp closed http-wmap
8991/tcp closed https-wmap

Nmap done: 1 IP address (1 host up) scanned in 0.04 seconds




sivakumar@sivakumar-desktop:~$ nmap -p 80 -T0 x.x.x.x
Starting Nmap 7.80 ( https://nmap.org ) at 2022-06-20 12:36 IST

sivakumar@sivakumar-desktop:~$ nmap -p 80 -T5 x.x.x.x --host-timeout 6
Starting Nmap 7.80 ( https://nmap.org ) at 2022-06-20 12:40 IST
Nmap scan report for sivakumar-desktop (x.x.x.x)
Host is up (0.00013s latency).

PORT   STATE SERVICE
80/tcp open  http

Nmap done: 1 IP address (1 host up) scanned in 0.04 seconds
sivakumar@sivakumar-desktop:~$




Nmap done: 1 IP address (1 host up) scanned in 0.04 seconds
sivakumar@sivakumar-desktop:~$ nmap -p 80 -T5 x.x.x.x --max-retries 6
Starting Nmap 7.80 ( https://nmap.org ) at 2022-06-20 12:41 IST
Nmap scan report for sivakumar-desktop (x.x.x.x)
Host is up (0.00013s latency).

PORT   STATE SERVICE
80/tcp open  http

Nmap done: 1 IP address (1 host up) scanned in 0.04 seconds
sivakumar@sivakumar-desktop:~$ nmap -p 80 -T5 x.x.x.x --max-parallelism 10
Starting Nmap 7.80 ( https://nmap.org ) at 2022-06-20 12:42 IST
Nmap scan report for sivakumar-desktop (x.x.x.x)
Host is up (0.00014s latency).

PORT   STATE SERVICE
80/tcp open  http

Nmap done: 1 IP address (1 host up) scanned in 0.04 seconds
sivakumar@sivakumar-desktop:~$ nmap -F x.x.x.x -oA nmap_output
Starting Nmap 7.80 ( https://nmap.org ) at 2022-06-20 12:44 IST
Nmap scan report for sivakumar-desktop (x.x.x.x)
Host is up (0.00018s latency).
Not shown: 99 closed ports
PORT   STATE SERVICE
80/tcp open  http

Nmap done: 1 IP address (1 host up) scanned in 0.04 seconds





sivakumar@sivakumar-desktop:~$ ls | grep nmap
nmap_output.gnmap
nmap_output.nmap
nmap_output.xml



sivakumar@sivakumar-desktop:~$ cat nmap_output.nmap
# Nmap 7.80 scan initiated Mon Jun 20 12:44:46 2022 as: nmap -F -oA nmap_output x.x.x.x
Nmap scan report for sivakumar-desktop (x.x.x.x)
Host is up (0.00018s latency).
Not shown: 99 closed ports
PORT   STATE SERVICE
80/tcp open  http

# Nmap done at Mon Jun 20 12:44:46 2022 -- 1 IP address (1 host up) scanned in 0.04 seconds





sivakumar@sivakumar-desktop:~$ cat nmap_output.xml
<?xml version="1.0" encoding="UTF-8"?>
<!DOCTYPE nmaprun>
<?xml-stylesheet href="file:///usr/bin/../share/nmap/nmap.xsl" type="text/xsl"?>
<!-- Nmap 7.80 scan initiated Mon Jun 20 12:44:46 2022 as: nmap -F -oA nmap_output x.x.x.x -->
<nmaprun scanner="nmap" args="nmap -F -oA nmap_output x.x.x.x" start="1655709286" startstr="Mon Jun 20 12:44:46 2022" version="7.80" xmloutputversion="1.04">
<scaninfo type="connect" protocol="tcp" numservices="100" services="7,9,13,21-23,25-26,37,53,79-81,88,106,110-111,113,119,135,139,143-144,179,199,389,427,443-445,465,513-515,543-544,548,554,587,631,646,873,990,993,995,1025-1029,1110,1433,1720,1723,1755,1900,2000-2001,2049,2121,2717,3000,3128,3306,3389,3986,4899,5000,5009,5051,5060,5101,5190,5357,5432,5631,5666,5800,5900,6000-6001,6646,7070,8000,8008-8009,8080-8081,8443,8888,9100,9999-10000,32768,49152-49157"/>
<verbose level="0"/>
<debugging level="0"/>
<host starttime="1655709286" endtime="1655709286"><status state="up" reason="syn-ack" reason_ttl="0"/>
<address addr="x.x.x.x" addrtype="ipv4"/>
<hostnames>
<hostname name="sivakumar-desktop" type="PTR"/>
</hostnames>
<ports><extraports state="closed" count="99">
<extrareasons reason="conn-refused" count="99"/>
</extraports>
<port protocol="tcp" portid="80"><state state="open" reason="syn-ack" reason_ttl="0"/><service name="http" method="table" conf="3"/></port>
</ports>
<times srtt="179" rttvar="161" to="100000"/>
</host>
<runstats><finished time="1655709286" timestr="Mon Jun 20 12:44:46 2022" elapsed="0.04" summary="Nmap done at Mon Jun 20 12:44:46 2022; 1 IP address (1 host up) scanned in 0.04 seconds" exit="success"/><hosts up="1" down="0" total="1"/>
</runstats>
</nmaprun>







sivakumar@sivakumar-desktop:~$ nmap -V x.x.x.x
Nmap version 7.80 ( https://nmap.org )
Platform: x86_64-pc-linux-gnu
Compiled with: liblua-5.3.3 openssl-1.1.1d nmap-libssh2-1.8.2 libz-1.2.11 libpcre-8.39 libpcap-1.9.1 nmap-libdnet-1.12 ipv6
Compiled without:
Available nsock engines: epoll poll select
sivakumar@sivakumar-desktop:~$ nmap -v x.x.x.x
Starting Nmap 7.80 ( https://nmap.org ) at 2022-06-20 14:04 IST
Initiating Ping Scan at 14:04
Scanning x.x.x.x [2 ports]
Completed Ping Scan at 14:04, 0.00s elapsed (1 total hosts)
Initiating Parallel DNS resolution of 1 host. at 14:04
Completed Parallel DNS resolution of 1 host. at 14:04, 0.00s elapsed
Initiating Connect Scan at 14:04
Scanning sivakumar-desktop (x.x.x.x) [1000 ports]
Discovered open port 80/tcp on x.x.x.x
Completed Connect Scan at 14:04, 0.03s elapsed (1000 total ports)
Nmap scan report for sivakumar-desktop (x.x.x.x)
Host is up (0.00023s latency).
Not shown: 999 closed ports
PORT   STATE SERVICE
80/tcp open  http

Read data files from: /usr/bin/../share/nmap
Nmap done: 1 IP address (1 host up) scanned in 0.07 seconds



sivakumar@sivakumar-desktop:~$ nmap -Pn -F -v x.x.x.x
Starting Nmap 7.80 ( https://nmap.org ) at 2022-06-20 14:07 IST
Initiating Parallel DNS resolution of 1 host. at 14:07
Completed Parallel DNS resolution of 1 host. at 14:07, 0.00s elapsed
Initiating Connect Scan at 14:07
Scanning sivakumar-desktop (x.x.x.x) [100 ports]
Discovered open port 80/tcp on x.x.x.x
Completed Connect Scan at 14:07, 0.00s elapsed (100 total ports)
Nmap scan report for sivakumar-desktop (x.x.x.x)
Host is up (0.00018s latency).
Not shown: 99 closed ports
PORT   STATE SERVICE
80/tcp open  http

Read data files from: /usr/bin/../share/nmap
Nmap done: 1 IP address (1 host up) scanned in 0.04 seconds






sivakumar@sivakumar-desktop:~$ sudo nmap -O -v x.x.x.x
[sudo] password for sivakumar:
Starting Nmap 7.80 ( https://nmap.org ) at 2022-06-20 14:10 IST
Initiating Parallel DNS resolution of 1 host. at 14:10
Completed Parallel DNS resolution of 1 host. at 14:10, 0.00s elapsed
Initiating SYN Stealth Scan at 14:10
Scanning sivakumar-desktop (x.x.x.x) [1000 ports]
Discovered open port 80/tcp on x.x.x.x
Completed SYN Stealth Scan at 14:10, 0.07s elapsed (1000 total ports)
Initiating OS detection (try #1) against sivakumar-desktop (x.x.x.x)
Nmap scan report for sivakumar-desktop (x.x.x.x)
Host is up (0.000054s latency).
Not shown: 999 closed ports
PORT   STATE SERVICE
80/tcp open  http
Device type: general purpose
Running: Linux 2.6.X
OS CPE: cpe:/o:linux:linux_kernel:2.6.32
OS details: Linux 2.6.32
Uptime guess: 3.582 days (since Fri Jun 17 00:12:40 2022)
Network Distance: 0 hops
TCP Sequence Prediction: Difficulty=262 (Good luck!)
IP ID Sequence Generation: All zeros

Read data files from: /usr/bin/../share/nmap
OS detection performed. Please report any incorrect results at https://nmap.org/submit/ .
Nmap done: 1 IP address (1 host up) scanned in 1.72 seconds
           Raw packets sent: 1022 (45.778KB) | Rcvd: 2043 (87.024KB)
sivakumar@sivakumar-desktop:~$ sudo nmap -sV x.x.x.x
Starting Nmap 7.80 ( https://nmap.org ) at 2022-06-20 14:12 IST
Nmap scan report for sivakumar-desktop (x.x.x.x)
Host is up (0.000011s latency).
Not shown: 999 closed ports
PORT   STATE SERVICE VERSION
80/tcp open  http    Apache httpd 2.4.41 ((Ubuntu))

Service detection performed. Please report any incorrect results at https://nmap.org/submit/ .
Nmap done: 1 IP address (1 host up) scanned in 6.56 seconds
sivakumar@sivakumar-desktop:~$




